// Jest Snapshot v1, https://goo.gl/fbAQLP

exports[`greeting greeting component render correctly 1`] = `
<DocumentFragment>
  <h2>
    hello Lisa
  </h2>
</DocumentFragment>
`;
